// Jest Snapshot v1, https://goo.gl/fbAQLP

exports[`test searchSimilarity should find one result with bad distribution 1`] = `
Array [
  Object {
    "atoms": Object {
      "C": 10,
    },
    "charge": 0,
    "em": 120,
    "ionization": Object {
      "charge": 1,
      "em": 0,
      "mf": "+",
    },
    "mf": "C10",
    "ms": Object {
      "charge": 1,
      "delta": -0.0005485799090649834,
      "em": 119.99945142009094,
      "ionization": "+",
      "ppm": 4.571499242208195,
      "similarity": Object {
        "difference": Array [
          Array [
            119.99945142009094,
            121.00280625516093,
            122.00616109023093,
            123.00951592530093,
            124.01287076037093,
            125.01622559544093,
          ],
          Array [
            0,
            0.09712608111285836,
            0.004727201865545468,
            0.00013634168256703127,
            0.0000025806105388331757,
            1.8607454944920632e-8,
          ],
        ],
        "experiment": Array [
          Array [
            120,
          ],
          Array [
            1,
          ],
        ],
        "theoretical": Array [
          Array [
            119.99945142009094,
            121.00280625516093,
            122.00616109023093,
            123.00951592530093,
            124.01287076037093,
            125.01622559544093,
          ],
          Array [
            0.8980077761210353,
            0.09712608111285836,
            0.004727201865545468,
            0.00013634168256703127,
            0.0000025806105388331757,
            1.8607454944920632e-8,
          ],
        ],
        "value": 0.8980077761210353,
      },
    },
    "mw": 120.10735896735248,
    "parts": Array [
      "C10",
    ],
    "unsaturation": 11,
  },
]
`;
