// Jest Snapshot v1, https://goo.gl/fbAQLP

exports[`test searchPubchem 1`] = `
Array [
  Object {
    "atoms": Object {
      "C": 2,
      "H": 1,
      "N": 2,
      "O": 2,
      "P": 1,
    },
    "charge": 0,
    "em": 117.98427394878999,
    "info": Object {
      "nbPubchemEntries": 1,
    },
    "ionization": Object {
      "charge": 2,
      "em": 2.01565006446,
      "mf": "(H+)2",
    },
    "mass": 118.00062869414393,
    "mf": "[13C]2HN2O2P",
    "monoisotopicMass": 117.98427394878999,
    "ms": Object {
      "charge": 2,
      "delta": -0.0005865732840746318,
      "em": 59.999413426715925,
      "ionization": "(H+)2",
      "ppm": 9.776221401243863,
    },
    "unsaturation": 4,
  },
  Object {
    "atoms": Object {
      "C": 3,
      "Ge": 1,
      "H": 8,
    },
    "charge": 0,
    "em": 117.98377801884,
    "info": Object {
      "nbPubchemEntries": 7,
    },
    "ionization": Object {
      "charge": 2,
      "em": 2.01565006446,
      "mf": "(H+)2",
    },
    "mass": 116.72328388733877,
    "mf": "C3H8Ge",
    "monoisotopicMass": 117.98377801884,
    "ms": Object {
      "charge": 2,
      "delta": -0.0008345382590704276,
      "em": 59.99916546174093,
      "ionization": "(H+)2",
      "ppm": 13.908970984507127,
    },
  },
  Object {
    "atoms": Object {
      "C": 2,
      "H": 4,
      "N": 2,
      "P": 2,
    },
    "charge": 0,
    "em": 117.98497213462,
    "info": Object {
      "nbPubchemEntries": 7,
    },
    "ionization": Object {
      "charge": 2,
      "em": 2.01565006446,
      "mf": "(H+)2",
    },
    "mass": 118.0141652294252,
    "mf": "C2H4N2P2",
    "monoisotopicMass": 117.98497213462,
    "ms": Object {
      "charge": 2,
      "delta": -0.00023748036907278447,
      "em": 59.99976251963093,
      "ionization": "(H+)2",
      "ppm": 3.9580061512130746,
    },
    "unsaturation": 3,
  },
  Object {
    "atoms": Object {
      "C": 2,
      "H": 2,
      "N": 2,
      "O": 2,
      "S": 1,
    },
    "charge": 0,
    "em": 117.98369848686,
    "info": Object {
      "nbPubchemEntries": 27,
    },
    "ionization": Object {
      "charge": 2,
      "em": 2.01565006446,
      "mf": "(H+)2",
    },
    "mass": 118.11435697923727,
    "mf": "C2H2N2O2S",
    "monoisotopicMass": 117.98369848686,
    "ms": Object {
      "charge": 2,
      "delta": -0.0008743042490664266,
      "em": 59.999125695750934,
      "ionization": "(H+)2",
      "ppm": 14.571737484440442,
    },
    "unsaturation": 3,
  },
  Object {
    "atoms": Object {
      "C": 1,
      "H": 2,
      "N": 1,
      "P": 1,
    },
    "charge": 0,
    "em": 58.99248606731,
    "info": Object {
      "nbPubchemEntries": 9,
    },
    "ionization": Object {
      "charge": 1,
      "em": 1.00782503223,
      "mf": "H+",
    },
    "mass": 59.0070826147126,
    "mf": "CH2NP",
    "monoisotopicMass": 58.99248606731,
    "ms": Object {
      "charge": 1,
      "delta": -0.00023748036907278447,
      "em": 59.99976251963093,
      "ionization": "H+",
      "ppm": 3.9580061512130746,
    },
    "unsaturation": 2,
  },
]
`;
